// Vitest Snapshot v1, https://vitest.dev/guide/snapshot.html

exports[`Tests for the Card List component > An appropriate message is displayed if no cards are present 1`] = `
<body>
  <div>
    <div
      class="_container_a19081"
      data-test="results"
    >
      <div
        class="_container_0e6f7b"
      >
        The search returned no results, please try again.
      </div>
    </div>
  </div>
</body>
`;

exports[`Tests for the Card List component > Component renders the specified number of cards - 3 1`] = `
<body>
  <div>
    <div
      class="_container_a19081"
      data-test="results"
    >
      <div
        class="control"
      >
        <div
          class="selectContainer"
        >
          <span>
            Cards per page:
          </span>
          <select>
            <option
              value="5"
            >
              5
            </option>
            <option
              value="10"
            >
              10
            </option>
            <option
              value="20"
            >
              20
            </option>
            <option
              value="50"
            >
              50
            </option>
          </select>
        </div>
        <div
          class="pagination"
          data-testid="pagination"
        >
          <button
            data-testid="btn-prev"
          >
            ⇐
          </button>
          <span
            data-testid="pagination-page"
          >
            NaN
            /
            10
          </span>
          <button
            data-testid="btn-next"
          >
            ⇒
          </button>
        </div>
      </div>
      <div
        class="_items_a19081"
        id="left-page"
      >
        <a
          href="/details/1?limit=5&page=1&search="
        >
          <div
            class="_item_a67193"
          >
            <img
              alt="iPhone 9"
              class="_images_a67193"
              data-nimg="1"
              decoding="async"
              fetchpriority="high"
              height="300"
              src="/_next/image?url=https%3A%2F%2Fi.dummyjson.com%2Fdata%2Fproducts%2F1%2F3.jpg&w=640&q=75"
              srcset="/_next/image?url=https%3A%2F%2Fi.dummyjson.com%2Fdata%2Fproducts%2F1%2F3.jpg&w=384&q=75 1x, /_next/image?url=https%3A%2F%2Fi.dummyjson.com%2Fdata%2Fproducts%2F1%2F3.jpg&w=640&q=75 2x"
              style="color: transparent;"
              width="300"
            />
            <h2
              class="_title_a67193"
            >
              iPhone 9
            </h2>
          </div>
        </a>
        <a
          href="/details/1?limit=5&page=1&search="
        >
          <div
            class="_item_a67193"
          >
            <img
              alt="iPhone 9"
              class="_images_a67193"
              data-nimg="1"
              decoding="async"
              fetchpriority="high"
              height="300"
              src="/_next/image?url=https%3A%2F%2Fi.dummyjson.com%2Fdata%2Fproducts%2F1%2F3.jpg&w=640&q=75"
              srcset="/_next/image?url=https%3A%2F%2Fi.dummyjson.com%2Fdata%2Fproducts%2F1%2F3.jpg&w=384&q=75 1x, /_next/image?url=https%3A%2F%2Fi.dummyjson.com%2Fdata%2Fproducts%2F1%2F3.jpg&w=640&q=75 2x"
              style="color: transparent;"
              width="300"
            />
            <h2
              class="_title_a67193"
            >
              iPhone 9
            </h2>
          </div>
        </a>
        <a
          href="/details/1?limit=5&page=1&search="
        >
          <div
            class="_item_a67193"
          >
            <img
              alt="iPhone 9"
              class="_images_a67193"
              data-nimg="1"
              decoding="async"
              fetchpriority="high"
              height="300"
              src="/_next/image?url=https%3A%2F%2Fi.dummyjson.com%2Fdata%2Fproducts%2F1%2F3.jpg&w=640&q=75"
              srcset="/_next/image?url=https%3A%2F%2Fi.dummyjson.com%2Fdata%2Fproducts%2F1%2F3.jpg&w=384&q=75 1x, /_next/image?url=https%3A%2F%2Fi.dummyjson.com%2Fdata%2Fproducts%2F1%2F3.jpg&w=640&q=75 2x"
              style="color: transparent;"
              width="300"
            />
            <h2
              class="_title_a67193"
            >
              iPhone 9
            </h2>
          </div>
        </a>
      </div>
    </div>
  </div>
</body>
`;
